// Jest Snapshot v1, https://goo.gl/fbAQLP

exports[`About component Matches snapshot 1`] = `
<DocumentFragment>
  <div
    class="container"
    data-testid="container"
  >
    <h1
      data-testid="heading"
    >
      About page
    </h1>
    <p
      data-testid="desc"
    >
      Lorem ipsum dolor sit amet consectetur adipisicing elit. Quod repellat alias neque maxime nobis ad reprehenderit dolorum nemo porro, enim maiores quae blanditiis dolore ducimus fugit, non animi laudantium soluta, exercitationem aspernatur? Eligendi dolores quisquam quos doloribus explicabo harum facilis.
    </p>
  </div>
</DocumentFragment>
`;
